#
# There is insufficient memory for the Java Runtime Environment to continue.
# Native memory allocation (malloc) failed to allocate 1048576 bytes. Error detail: AllocateHeap
# Possible reasons:
#   The system is out of physical RAM or swap space
#   This process is running with CompressedOops enabled, and the Java Heap may be blocking the growth of the native heap
# Possible solutions:
#   Reduce memory load on the system
#   Increase physical memory or swap space
#   Check if swap backing store is full
#   Decrease Java heap size (-Xmx/-Xms)
#   Decrease number of Java threads
#   Decrease Java thread stack sizes (-Xss)
#   Set larger code cache with -XX:ReservedCodeCacheSize=
#   JVM is running with Unscaled Compressed Oops mode in which the Java heap is
#     placed in the first 4GB address space. The Java Heap base address is the
#     maximum limit for the native heap growth. Please use -XX:HeapBaseMinAddress
#     to set the Java Heap base and to place the Java Heap above 4GB virtual address.
# This output file may be truncated or incomplete.
#
#  Out of Memory Error (allocation.cpp:44), pid=19520, tid=3956
#
# JRE version:  (21.0.10+7) (build )
# Java VM: OpenJDK 64-Bit Server VM (21.0.10+7-LTS, mixed mode, sharing, tiered, compressed oops, compressed class ptrs, g1 gc, windows-amd64)
# No core dump will be written. Minidumps are not enabled by default on client versions of Windows
#

---------------  S U M M A R Y ------------

Command Line: -agentlib:jdwp=transport=dt_socket,address=127.0.0.1:51407,suspend=y,server=n -javaagent:C:\Users\idonz\AppData\Local\JetBrains\IdeaIC2025.1\captureAgent\debugger-agent.jar=file:///C:/Users/idonz/AppData/Local/Temp/capture980594033467973749.props -ea -Didea.test.cyclic.buffer.size=1048576 -Dkotlinx.coroutines.debug.enable.creation.stack.trace=false -Ddebugger.agent.enable.coroutines=true -Dkotlinx.coroutines.debug.enable.flows.stack.trace=true -Dkotlinx.coroutines.debug.enable.mutable.state.flows.stack.trace=true -Dfile.encoding=UTF-8 -Dsun.stdout.encoding=UTF-8 -Dsun.stderr.encoding=UTF-8 com.intellij.rt.junit.JUnitStarter -ideVersion5 -junit5 ru.yandex.practicum.gym.TimetableTest,testGetCountByCoaches

Host: AMD Ryzen 5 3550H with Radeon Vega Mobile Gfx  , 8 cores, 7G,  Windows 10 , 64 bit Build 19041 (10.0.19041.5915)
Time: Sat Apr 18 00:12:47 2026 elapsed time: 0.031921 seconds (0d 0h 0m 0s)

---------------  T H R E A D  ---------------

Current thread (0x00000211db72fcc0):  JavaThread "Unknown thread" [_thread_in_vm, id=3956, stack(0x000000e8fc000000,0x000000e8fc100000) (1024K)]

Stack: [0x000000e8fc000000,0x000000e8fc100000]
Native frames: (J=compiled Java code, j=interpreted, Vv=VM code, C=native code)
V  [jvm.dll+0x6df2b9]
V  [jvm.dll+0x8bbdeb]
V  [jvm.dll+0x8be37a]
V  [jvm.dll+0x8bea53]
V  [jvm.dll+0x28a7a6]
V  [jvm.dll+0xc3ba7]
V  [jvm.dll+0x341a15]
V  [jvm.dll+0x339c52]
V  [jvm.dll+0x88634e]
V  [jvm.dll+0x3cb831]
V  [jvm.dll+0x86f25c]
V  [jvm.dll+0x45e901]
V  [jvm.dll+0x460541]
C  [jli.dll+0x52f0]
C  [ucrtbase.dll+0x21bb2]
C  [KERNEL32.DLL+0x17374]
C  [ntdll.dll+0x4cc91]


---------------  P R O C E S S  ---------------

Threads class SMR info:
_java_thread_list=0x00007ffe74eb2208, length=0, elements={
}

Java Threads: ( => current thread )
Total: 0

Other Threads:
  0x00000211dda432c0 WorkerThread "GC Thread#0"                     [id=18404, stack(0x000000e8fc100000,0x000000e8fc200000) (1024K)]

[error occurred during error reporting (printing all threads), id 0xc0000005, EXCEPTION_ACCESS_VIOLATION (0xc0000005) at pc=0x00007ffe745a6560]
VM state: not at safepoint (not fully initialized)

VM Mutex/Monitor currently owned by a thread:  ([mutex/lock_event])
[0x00007ffe74f266b0] Heap_lock - owner thread: 0x00000211db72fcc0

Heap address: 0x0000000089000000, size: 1904 MB, Compressed Oops mode: 32-bit

CDS archive(s) mapped at: [0x0000000000000000-0x0000000000000000-0x0000000000000000), size 0, SharedBaseAddress: 0x0000000800000000, ArchiveRelocationMode: 1.
Narrow klass base: 0x0000000000000000, Narrow klass shift: 0, Narrow klass range: 0x0

GC Precious Log:
 CardTable entry size: 512
 Card Set container configuration: InlinePtr #cards 5 size 8 Array Of Cards #cards 12 size 40 Howl #buckets 4 coarsen threshold 1843 Howl Bitmap #cards 512 size 80 coarsen threshold 460 Card regions per heap region 1 cards per card region 2048

Heap:
 garbage-first heap   total 0K, used 0K [0x0000000089000000, 0x0000000100000000)
  region size 1024K, 0 young (0K), 0 survivors (0K)

[error occurred during error reporting (printing heap information), id 0xc0000005, EXCEPTION_ACCESS_VIOLATION (0xc0000005) at pc=0x00007ffe74999019]
GC Heap History (0 events):
No events

Dll operation events (2 events):
Event: 0.023 Loaded shared library C:\Program Files\Amazon Corretto\jdk21.0.10_7\bin\java.dll
Event: 0.025 Loaded shared library C:\Program Files\Amazon Corretto\jdk21.0.10_7\bin\zip.dll

Deoptimization events (0 events):
No events

Classes loaded (0 events):
No events

Classes unloaded (0 events):
No events

Classes redefined (0 events):
No events

Internal exceptions (0 events):
No events

ZGC Phase Switch (0 events):
No events

VM Operations (0 events):
No events

Memory protections (0 events):
No events

Nmethod flushes (0 events):
No events

Events (0 events):
No events


Dynamic libraries:
0x00007ff75d5c0000 - 0x00007ff75d5ce000 	C:\Program Files\Amazon Corretto\jdk21.0.10_7\bin\java.exe
0x00007fffa1310000 - 0x00007fffa1508000 	C:\Windows\SYSTEM32\ntdll.dll
0x00007fffa04c0000 - 0x00007fffa0582000 	C:\Windows\System32\KERNEL32.DLL
0x00007fff9ecb0000 - 0x00007fff9efa6000 	C:\Windows\System32\KERNELBASE.dll
0x00007fff9ebb0000 - 0x00007fff9ecb0000 	C:\Windows\System32\ucrtbase.dll
0x00007fff9aba0000 - 0x00007fff9abb8000 	C:\Program Files\Amazon Corretto\jdk21.0.10_7\bin\jli.dll
0x00007fff999f0000 - 0x00007fff99a0e000 	C:\Program Files\Amazon Corretto\jdk21.0.10_7\bin\VCRUNTIME140.dll
0x00007fffa0ee0000 - 0x00007fffa1081000 	C:\Windows\System32\USER32.dll
0x00007fff9f060000 - 0x00007fff9f082000 	C:\Windows\System32\win32u.dll
0x00007fff943c0000 - 0x00007fff9465b000 	C:\Windows\WinSxS\amd64_microsoft.windows.common-controls_6595b64144ccf1df_6.0.19041.6456_none_60b8a6cb71f64256\COMCTL32.dll
0x00007fffa0e30000 - 0x00007fffa0e5b000 	C:\Windows\System32\GDI32.dll
0x00007fff9f7c0000 - 0x00007fff9f85e000 	C:\Windows\System32\msvcrt.dll
0x00007fff9f170000 - 0x00007fff9f289000 	C:\Windows\System32\gdi32full.dll
0x00007fff9f290000 - 0x00007fff9f32d000 	C:\Windows\System32\msvcp_win.dll
0x00007fffa0a00000 - 0x00007fffa0a2f000 	C:\Windows\System32\IMM32.DLL
0x00007fff9d1b0000 - 0x00007fff9d1fb000 	C:\Windows\SYSTEM32\AvCNG.dll
0x00007fffa0600000 - 0x00007fffa06b1000 	C:\Windows\System32\ADVAPI32.dll
0x00007fffa0d90000 - 0x00007fffa0e2f000 	C:\Windows\System32\sechost.dll
0x00007fffa00b0000 - 0x00007fffa01d0000 	C:\Windows\System32\RPCRT4.dll
0x00007fff9e9a0000 - 0x00007fff9e9c7000 	C:\Windows\System32\bcrypt.dll
0x00007fff9d110000 - 0x00007fff9d1a5000 	C:\Program Files\Common Files\Avest\Avest CSP\avsspc.dll
0x00007fffa0300000 - 0x00007fffa035b000 	C:\Windows\System32\SHLWAPI.dll
0x00007fff9ab90000 - 0x00007fff9ab9c000 	C:\Program Files\Amazon Corretto\jdk21.0.10_7\bin\vcruntime140_1.dll
0x00007fff99960000 - 0x00007fff999e9000 	C:\Program Files\Amazon Corretto\jdk21.0.10_7\bin\msvcp140.dll
0x00007ffe74260000 - 0x00007ffe75008000 	C:\Program Files\Amazon Corretto\jdk21.0.10_7\bin\server\jvm.dll
0x00007fffa0590000 - 0x00007fffa05fb000 	C:\Windows\System32\WS2_32.dll
0x00007fff9dee0000 - 0x00007fff9df2b000 	C:\Windows\SYSTEM32\POWRPROF.dll
0x00007fff92bc0000 - 0x00007fff92be7000 	C:\Windows\SYSTEM32\WINMM.dll
0x00007fff97020000 - 0x00007fff9702a000 	C:\Windows\SYSTEM32\VERSION.dll
0x00007fff9dda0000 - 0x00007fff9ddb2000 	C:\Windows\SYSTEM32\UMPDC.dll
0x00007fff9c700000 - 0x00007fff9c712000 	C:\Windows\SYSTEM32\kernel.appcore.dll
0x00007fff9a9a0000 - 0x00007fff9a9aa000 	C:\Program Files\Amazon Corretto\jdk21.0.10_7\bin\jimage.dll
0x00007fff96150000 - 0x00007fff96351000 	C:\Windows\SYSTEM32\DBGHELP.DLL
0x00007fff85930000 - 0x00007fff85964000 	C:\Windows\SYSTEM32\dbgcore.DLL
0x00007fff9f0e0000 - 0x00007fff9f162000 	C:\Windows\System32\bcryptPrimitives.dll
0x00007fff78130000 - 0x00007fff7816c000 	C:\Program Files\Amazon Corretto\jdk21.0.10_7\bin\jdwp.dll
0x00007fff97820000 - 0x00007fff97830000 	C:\Program Files\Amazon Corretto\jdk21.0.10_7\bin\instrument.dll
0x00007fff99930000 - 0x00007fff99951000 	C:\Program Files\Amazon Corretto\jdk21.0.10_7\bin\java.dll
0x00007fff97970000 - 0x00007fff97988000 	C:\Program Files\Amazon Corretto\jdk21.0.10_7\bin\zip.dll

JVMTI agents:
jdwp path:none, loaded, not initialized, options:transport=dt_socket,address=127.0.0.1:51407,suspend=y,server=n
C:\Users\idonz\AppData\Local\JetBrains\IdeaIC2025.1\captureAgent\debugger-agent.jar path:none, loaded, not initialized, instrumentlib options:file:///C:/Users/idonz/AppData/Local/Temp/capture980594033467973749.props

dbghelp: loaded successfully - version: 4.0.5 - missing functions: none
symbol engine: initialized successfully - sym options: 0x614 - pdb path: .;C:\Program Files\Amazon Corretto\jdk21.0.10_7\bin;C:\Windows\SYSTEM32;C:\Windows\WinSxS\amd64_microsoft.windows.common-controls_6595b64144ccf1df_6.0.19041.6456_none_60b8a6cb71f64256;C:\Program Files\Common Files\Avest\Avest CSP;C:\Program Files\Amazon Corretto\jdk21.0.10_7\bin\server

VM Arguments:
jvm_args: -agentlib:jdwp=transport=dt_socket,address=127.0.0.1:51407,suspend=y,server=n -javaagent:C:\Users\idonz\AppData\Local\JetBrains\IdeaIC2025.1\captureAgent\debugger-agent.jar=file:///C:/Users/idonz/AppData/Local/Temp/capture980594033467973749.props -ea -Didea.test.cyclic.buffer.size=1048576 -Dkotlinx.coroutines.debug.enable.creation.stack.trace=false -Ddebugger.agent.enable.coroutines=true -Dkotlinx.coroutines.debug.enable.flows.stack.trace=true -Dkotlinx.coroutines.debug.enable.mutable.state.flows.stack.trace=true -Dfile.encoding=UTF-8 -Dsun.stdout.encoding=UTF-8 -Dsun.stderr.encoding=UTF-8 
java_command: com.intellij.rt.junit.JUnitStarter -ideVersion5 -junit5 ru.yandex.practicum.gym.TimetableTest,testGetCountByCoaches
java_class_path (initial): C:\Users\idonz\.m2\repository\org\junit\platform\junit-platform-launcher\1.8.1\junit-platform-launcher-1.8.1.jar;C:\Users\idonz\.m2\repository\org\junit\vintage\junit-vintage-engine\5.8.1\junit-vintage-engine-5.8.1.jar;D:\IntelliJ IDEA Community Edition 2025.1.1.1\lib\idea_rt.jar;D:\IntelliJ IDEA Community Edition 2025.1.1.1\plugins\junit\lib\junit5-rt.jar;D:\IntelliJ IDEA Community Edition 2025.1.1.1\plugins\junit\lib\junit-rt.jar;C:\Users\idonz\dev\java-gym-master\out\test\java-gym-master;C:\Users\idonz\dev\java-gym-master\out\production\java-gym-master;C:\Users\idonz\.m2\repository\junit\junit\4.13.1\junit-4.13.1.jar;C:\Users\idonz\.m2\repository\org\hamcrest\hamcrest-core\1.3\hamcrest-core-1.3.jar;C:\Users\idonz\.m2\repository\org\junit\jupiter\junit-jupiter\5.8.1\junit-jupiter-5.8.1.jar;C:\Users\idonz\.m2\repository\org\junit\jupiter\junit-jupiter-api\5.8.1\junit-jupiter-api-5.8.1.jar;C:\Users\idonz\.m2\repository\org\opentest4j\opentest4j\1.2.0\opentest4j-1.2.0.jar;C:\Users\idonz\.m2\repository\org\junit\platform\junit-platform-commons\1.8.1\junit-platform-commons-1.8.1.jar;C:\Users\idonz\.m2\repository\org\apiguardian\apiguardian-api\1.1.2\apiguardian-api-1.1.2.jar;C:\Users\idonz\.m2\repository\org\junit\jupiter\junit-jupiter-params\5.8.1\junit-jupiter-params-5.8.1.jar;C:\Users\idonz\.m2\repository\org\junit\jupiter\junit-jupiter-engine\5.8.1\junit-jupiter-engine-5.8.1.jar;C:\Users\idonz\.m2\repository\org\junit\platform\junit-platform-engine\1.8.1\junit-platform-engine-1.8.1.jar
Launcher Type: SUN_STANDARD

[Global flags]
     intx CICompilerCount                          = 4                                         {product} {ergonomic}
     uint ConcGCThreads                            = 2                                         {product} {ergonomic}
     uint G1ConcRefinementThreads                  = 8                                         {product} {ergonomic}
   size_t G1HeapRegionSize                         = 1048576                                   {product} {ergonomic}
    uintx GCDrainStackTargetSize                   = 64                                        {product} {ergonomic}
   size_t InitialHeapSize                          = 125829120                                 {product} {ergonomic}
   size_t MarkStackSize                            = 4194304                                   {product} {ergonomic}
   size_t MaxHeapSize                              = 1996488704                                {product} {ergonomic}
   size_t MinHeapDeltaBytes                        = 1048576                                   {product} {ergonomic}
   size_t MinHeapSize                              = 8388608                                   {product} {ergonomic}
    uintx NonNMethodCodeHeapSize                   = 5839372                                {pd product} {ergonomic}
    uintx NonProfiledCodeHeapSize                  = 122909434                              {pd product} {ergonomic}
    uintx ProfiledCodeHeapSize                     = 122909434                              {pd product} {ergonomic}
    uintx ReservedCodeCacheSize                    = 251658240                              {pd product} {ergonomic}
     bool SegmentedCodeCache                       = true                                      {product} {ergonomic}
   size_t SoftMaxHeapSize                          = 1996488704                             {manageable} {ergonomic}
     bool UseCompressedOops                        = true                           {product lp64_product} {ergonomic}
     bool UseG1GC                                  = true                                      {product} {ergonomic}
     bool UseLargePagesIndividualAllocation        = false                                  {pd product} {ergonomic}

Logging:
Log output configuration:
 #0: stdout all=warning uptime,level,tags foldmultilines=false
 #1: stderr all=off uptime,level,tags foldmultilines=false

Release file:
<release file has not been read>
Environment Variables:
JAVA_HOME=C:\Program Files\Amazon Corretto\jdk21.0.10_7
PATH=C:\Program Files\Amazon Corretto\jdk21.0.10_7\bin;C:\Program Files\Common Files\Oracle\Java\javapath;C:\Windows\system32;C:\Windows;C:\Windows\System32\Wbem;C:\Windows\System32\WindowsPowerShell\v1.0\;C:\Windows\System32\OpenSSH\;C:\Program Files (x86)\Avest\AvPCM_nces;C:\WINDOWS\system32;C:\WINDOWS;C:\WINDOWS\System32\Wbem;C:\WINDOWS\System32\WindowsPowerShell\v1.0\;C:\WINDOWS\System32\OpenSSH\;C:\Program Files\Microsoft SQL Server\130\Tools\Binn\;C:\Program Files\dotnet\;D:\Program Files\Go\bin;C:\Program Files (x86)\NVIDIA Corporation\PhysX\Common;C:\Program Files\Git\cmd;D:\JAVA\maven\bin;C:\Program Files\nodejs\;C:\Users\idonz\AppData\Local\Programs\Python\Python310\Scripts\;C:\Users\idonz\AppData\Local\Programs\Python\Python310\;C:\Users\idonz\AppData\Local\Microsoft\WindowsApps;C:\Users\idonz\AppData\Local\atom\bin;C:\Program Files\JetBrains\PyCharm Community Edition 2024.1.4\bin;D:\Program Files\JetBrains\IntelliJ IDEA Community Edition 2022.1.3\bin;C:\Users\idonz\go\bin;D:\IntelliJ IDEA Community Edition 2025.1.1.1\bin;C:\Users\idonz\AppData\Local\GitHubDesktop\bin;C:\Users\idonz\.dotnet\tools;C:\Users\idonz\AppData\Roaming\npm
USERNAME=ADMIN
OS=Windows_NT
PROCESSOR_IDENTIFIER=AMD64 Family 23 Model 24 Stepping 1, AuthenticAMD
TMP=C:\Users\idonz\AppData\Local\Temp
TEMP=C:\Users\idonz\AppData\Local\Temp




Periodic native trim disabled

---------------  S Y S T E M  ---------------

OS:
 Windows 10 , 64 bit Build 19041 (10.0.19041.5915)
OS uptime: 0 days 5:09 hours

CPU: total 8 (initial active 8) (8 cores per cpu, 2 threads per core) family 23 model 24 stepping 1 microcode 0x0, cx8, cmov, fxsr, ht, mmx, 3dnowpref, sse, sse2, sse3, ssse3, sse4a, sse4.1, sse4.2, popcnt, lzcnt, tsc, tscinvbit, avx, avx2, aes, clmul, bmi1, bmi2, adx, sha, fma, vzeroupper, clflush, clflushopt, rdtscp, f16c
Processor Information for the first 8 processors :
  Max Mhz: 2100, Current Mhz: 2100, Mhz Limit: 2100

Memory: 4k page, system-wide physical 7613M (374M free)
TotalPageFile size 34613M (AvailPageFile size 3M)
current process WorkingSet (physical memory assigned to process): 11M, peak: 11M
current process commit charge ("private bytes"): 52M, peak: 53M

vm_info: OpenJDK 64-Bit Server VM (21.0.10+7-LTS) for windows-amd64 JRE (21.0.10+7-LTS), built on 2026-01-15T22:13:46Z by "Administrator" with MS VC++ 17.14 (VS2022)

END.
